// Vitest Snapshot v1, https://vitest.dev/guide/snapshot.html

exports[`regression — default rig configuration > matches the locked snapshot 1`] = `
{
  "aHole": 0.0000096211275,
  "aTotalM2": 0.003848451,
  "aTotalMm2": 3848.451,
  "aeroPower": 23.999806,
  "areaBlock": 0.012,
  "areaBlockEffective": 0.012,
  "cd": 0.72375871,
  "cdGeometric": 0.76571429,
  "compressibilityRegime": "incompressible",
  "compressibilityWarning": false,
  "costPer8Hrs": 0.15679873,
  "costPerHour": 0.019599841,
  "coverageFactor": 1,
  "dIdeal": 4.8566246,
  "fanAeroEfficiency": 0.3,
  "fanElectricalDraw": 79.999352,
  "fanMotorEff": 30,
  "filmReStar": 1.2651414,
  "floats": true,
  "flowEff": 3.4860653,
  "flowFractionUseful": 0.034860653,
  "force": 2.943,
  "fractionUseful": 0.06,
  "geometricEff": 6,
  "holeMach": 0.071490954,
  "holesPerRow": 100,
  "holesUnderBlock": 24,
  "hoverHeightMm": 0.43447896,
  "inletLossPa": 0,
  "liftForce": 4.3293522,
  "liftMarginPct": 47.10677,
  "massKg": 0.3,
  "maxLiftForce": 4.3293522,
  "minPracticalPower": 0.68604583,
  "opIterations": 19,
  "opResidual": 0,
  "pOp": 360.77935,
  "pRequired": 245.25,
  "pRequiredEffective": 245.25,
  "powerLimited": true,
  "powerMotorHeat": 55.999546,
  "powerRatio": 34.982802,
  "powerUseful": 0.56873581,
  "powerWasted": 23.43107,
  "pressureHeadroomPct": 47.10677,
  "qIntoGap": 0.0023190043,
  "qMax": 0.11666667,
  "qOp": 0.066522115,
  "qUseful": 0.0023190043,
  "qWasted": 0.064202632,
  "stallLimited": false,
  "stripThicknessMm": 3,
  "systemEff": 0.71092553,
  "totalHoles": 400,
  "vAtOp": 24.521397,
}
`;
