// Vitest Snapshot v1, https://vitest.dev/guide/snapshot.html

exports[`regression — default rig configuration > matches the locked snapshot 1`] = `
{
  "aHole": 0.0000096211275,
  "aTotalM2": 0.003848451,
  "aTotalMm2": 3848.451,
  "aeroPower": 24.000007,
  "areaBlock": 0.012,
  "areaBlockEffective": 0.012,
  "cd": 0.6539561,
  "cdGeometric": 0.76571429,
  "costPer8Hrs": 0.1568,
  "costPerHour": 0.0196,
  "coverageFactor": 1,
  "dIdeal": 5.0411181,
  "fanAeroEfficiency": 0.3,
  "fanElectricalDraw": 80,
  "fanMotorEff": 30.000009,
  "floats": true,
  "force": 2.943,
  "fractionUseful": 0.06,
  "geometricEff": 6,
  "holesPerRow": 100,
  "holesUnderBlock": 24,
  "hoverHeightMm": 6.1916931,
  "liftForce": 4.6252299,
  "liftMarginPct": 57.160378,
  "massKg": 0.3,
  "maxLiftForce": 4.6252299,
  "minPracticalPower": 4.0153732,
  "opIterations": 19,
  "opResidual": 0,
  "pOp": 385.43583,
  "pRequired": 245.25,
  "pRequiredEffective": 245.25,
  "powerLimited": true,
  "powerMotorHeat": 55.999993,
  "powerRatio": 5.9770303,
  "powerUseful": 1.4400004,
  "powerWasted": 22.560007,
  "pressureHeadroomPct": 57.160378,
  "qIntoGap": 0.033047776,
  "qMax": 0.11666667,
  "qOp": 0.062267193,
  "qUseful": 0.0037360316,
  "qWasted": 0.058531162,
  "stallLimited": false,
  "stripThicknessMm": 3,
  "systemEff": 1.8000005,
  "totalHoles": 400,
  "vAtOp": 25.345474,
}
`;
